// Jest Snapshot v1, https://goo.gl/fbAQLP

exports[`the Onboarding component should render Onboarding 1`] = `
Array [
  <Image
    src="./background.png"
    style={
      Object {
        "height": "100%",
        "position": "absolute",
        "width": "100%",
      }
    }
  />,
  <View
    onLayout={[Function]}
    style={
      Array [
        Object {
          "backgroundColor": "transparent",
          "flex": 1,
          "position": "relative",
        },
        undefined,
      ]
    }
  >
    <RCTScrollView
      activeDot={
        <SafeAreaView
          forceInset={
            Object {
              "bottom": "always",
            }
          }
        >
          <mapProps(getContext(mapProps(withPropsOnChange(mapProps(View))))) />
        </SafeAreaView>
      }
      automaticallyAdjustContentInsets={false}
      autoplay={false}
      autoplayDirection={true}
      autoplayTimeout={2.5}
      bounces={false}
      contentContainerStyle={
        Array [
          Object {
            "backgroundColor": "transparent",
          },
          undefined,
        ]
      }
      contentOffset={
        Object {
          "x": 0,
        }
      }
      disableNextButton={false}
      disablePrevButton={false}
      dot={
        <SafeAreaView
          forceInset={
            Object {
              "bottom": "always",
            }
          }
        >
          <mapProps(getContext(mapProps(withPropsOnChange(mapProps(View)))))
            forceInset={
              Object {
                "bottom": "always",
              }
            }
          />
        </SafeAreaView>
      }
      horizontal={true}
      index={0}
      loadMinimal={true}
      loadMinimalSize={1}
      loop={false}
      onIndexChanged={[Function]}
      onMomentumScrollEnd={[Function]}
      onScrollBeginDrag={[Function]}
      onScrollEndDrag={[Function]}
      pagingEnabled={true}
      removeClippedSubviews={true}
      scrollsToTop={false}
      showsButtons={false}
      showsHorizontalScrollIndicator={false}
      showsPagination={true}
      showsVerticalScrollIndicator={false}
    >
      <View>
        <View
          style={
            Array [
              Object {
                "height": 1334,
                "width": 750,
              },
              Object {
                "backgroundColor": "transparent",
              },
            ]
          }
        >
          <RCTScrollView
            alwaysBounceVertical={false}
            contentContainerStyle={
              Object {
                "minHeight": "100%",
              }
            }
            overScrollMode="auto"
            style={
              Object {
                "flex": 1,
              }
            }
          >
            <View>
              <RCTSafeAreaView
                emulateUnlessSupported={true}
                style={
                  Object {
                    "flex": 1,
                    "marginBottom": 80,
                    "paddingHorizontal": 16,
                    "paddingTop": 192,
                  }
                }
              >
                <View
                  style={
                    Object {
                      "flexDirection": "row",
                    }
                  }
                >
                  <Text
                    style={
                      Object {
                        "color": "#313131",
                        "fontFamily": "Avenir-Black",
                        "fontSize": 43,
                        "lineHeight": 49.45,
                      }
                    }
                  >
                    Hi 
                  </Text>
                  <View>
                    <View
                      style={
                        Object {
                          "backgroundColor": "#B5C0C6",
                          "bottom": 12,
                          "height": 8,
                          "left": -3.2,
                          "position": "absolute",
                          "right": -3.2,
                        }
                      }
                    />
                    <Text
                      style={
                        Object {
                          "color": "#313131",
                          "fontFamily": "Avenir-Black",
                          "fontSize": 43,
                          "lineHeight": 49.45,
                        }
                      }
                    >
                      friend!
                    </Text>
                  </View>
                </View>
                <Text
                  style={
                    Object {
                      "color": "#313131",
                      "fontFamily": "InterUI-Medium",
                      "fontSize": 16,
                      "lineHeight": 21,
                    }
                  }
                >
                  Let us know how to keep you connected with LCBC each week.
                </Text>
              </RCTSafeAreaView>
            </View>
          </RCTScrollView>
          <View
            style={
              Object {
                "alignItems": "center",
                "bottom": 0,
                "flexDirection": "row-reverse",
                "justifyContent": "space-between",
                "left": 0,
                "marginVertical": 8,
                "paddingHorizontal": 16,
                "paddingVertical": 0,
                "position": "absolute",
                "right": 0,
              }
            }
            vertical={false}
          >
            <RCTSafeAreaView
              emulateUnlessSupported={true}
              forceInset={
                Object {
                  "bottom": "always",
                  "top": "never",
                }
              }
            >
              <View
                accessible={true}
                clickable={true}
                isTVSelectable={true}
                onClick={[Function]}
                onResponderGrant={[Function]}
                onResponderMove={[Function]}
                onResponderRelease={[Function]}
                onResponderTerminate={[Function]}
                onResponderTerminationRequest={[Function]}
                onStartShouldSetResponder={[Function]}
                style={
                  Object {
                    "opacity": 1,
                  }
                }
              >
                <View
                  bordered={false}
                  disabled={false}
                  pill={true}
                  style={
                    Object {
                      "alignItems": "center",
                      "backgroundColor": "#008CD0",
                      "borderColor": "#008CD0",
                      "borderRadius": 24,
                      "borderWidth": 2,
                      "elevation": 2,
                      "flexDirection": "row",
                      "height": 48,
                      "justifyContent": "center",
                      "opacity": 1,
                      "overflow": "hidden",
                      "paddingHorizontal": 16,
                    }
                  }
                >
                  <ActivityIndicator
                    animating={true}
                    color="#FFFFFF"
                    hidesWhenStopped={true}
                    size="small"
                  />
                </View>
              </View>
            </RCTSafeAreaView>
          </View>
        </View>
        <View
          style={
            Array [
              Object {
                "height": 1334,
                "width": 750,
              },
              Object {
                "backgroundColor": "transparent",
              },
            ]
          }
        >
          <RCTScrollView
            Component={
              Object {
                "$$typeof": Symbol(react.memo),
                "compare": null,
                "defaultProps": Object {
                  "buttonText": "Yes, find my local campus",
                  "description": "We'll use your location to connect you with your nearby campus and community",
                  "slideTitle": "Let's select your local campus",
                },
                "displayName": "LocationFinder",
                "propTypes": Object {
                  "BackgroundComponent": [Function],
                  "buttonText": [Function],
                  "campus": [Function],
                  "description": [Function],
                  "onPressButton": [Function],
                  "onPressPrimary": [Function],
                  "slideTitle": [Function],
                },
                "type": [Function],
              }
            }
            alwaysBounceVertical={false}
            contentContainerStyle={
              Object {
                "minHeight": "100%",
              }
            }
            onNavigate={[Function]}
            overScrollMode="auto"
            style={
              Object {
                "flex": 1,
              }
            }
          >
            <View>
              <RCTSafeAreaView
                emulateUnlessSupported={true}
                style={
                  Object {
                    "flex": 1,
                    "marginBottom": 80,
                    "paddingHorizontal": 16,
                    "paddingTop": 192,
                  }
                }
              >
                <View
                  style={
                    Object {
                      "flex": 1,
                    }
                  }
                >
                  <View
                    style={
                      Object {
                        "flexDirection": "row",
                        "flexWrap": "wrap",
                      }
                    }
                  >
                    <Text
                      style={
                        Object {
                          "color": "#313131",
                          "fontFamily": "Avenir-Black",
                          "fontSize": 43,
                          "lineHeight": 49.45,
                        }
                      }
                    >
                      Select your 
                    </Text>
                    <View
                      style={Object {}}
                    >
                      <View
                        style={
                          Object {
                            "backgroundColor": "#B5C0C6",
                            "bottom": 12,
                            "height": 8,
                            "left": -3.2,
                            "position": "absolute",
                            "right": -3.2,
                          }
                        }
                      />
                      <Text
                        style={
                          Object {
                            "color": "#313131",
                            "fontFamily": "Avenir-Black",
                            "fontSize": 43,
                            "lineHeight": 49.45,
                          }
                        }
                      >
                        local
                      </Text>
                    </View>
                    <Text
                      style={
                        Object {
                          "color": "#313131",
                          "fontFamily": "Avenir-Black",
                          "fontSize": 43,
                          "lineHeight": 49.45,
                        }
                      }
                    >
                       
                    </Text>
                    <View
                      style={Object {}}
                    >
                      <View
                        style={
                          Object {
                            "backgroundColor": "#B5C0C6",
                            "bottom": 12,
                            "height": 8,
                            "left": -3.2,
                            "position": "absolute",
                            "right": -3.2,
                          }
                        }
                      />
                      <Text
                        style={
                          Object {
                            "color": "#313131",
                            "fontFamily": "Avenir-Black",
                            "fontSize": 43,
                            "lineHeight": 49.45,
                          }
                        }
                      >
                        LCBC
                      </Text>
                    </View>
                    <Text
                      style={
                        Object {
                          "color": "#313131",
                          "fontFamily": "Avenir-Black",
                          "fontSize": 43,
                          "lineHeight": 49.45,
                        }
                      }
                    >
                       
                    </Text>
                    <View
                      style={Object {}}
                    >
                      <View
                        style={
                          Object {
                            "backgroundColor": "#B5C0C6",
                            "bottom": 12,
                            "height": 8,
                            "left": -3.2,
                            "position": "absolute",
                            "right": -3.2,
                          }
                        }
                      />
                      <Text
                        style={
                          Object {
                            "color": "#313131",
                            "fontFamily": "Avenir-Black",
                            "fontSize": 43,
                            "lineHeight": 49.45,
                          }
                        }
                      >
                        location
                      </Text>
                    </View>
                  </View>
                  <Text
                    style={
                      Object {
                        "color": "#313131",
                        "fontFamily": "InterUI-Medium",
                        "fontSize": 16,
                        "lineHeight": 21,
                      }
                    }
                  >
                    Let us know how to keep you connected with LCBC each week.
                  </Text>
                </View>
                <View
                  horizontal={false}
                  style={
                    Object {
                      "paddingHorizontal": 0,
                      "paddingVertical": 16,
                    }
                  }
                >
                  <View
                    accessible={true}
                    clickable={true}
                    isTVSelectable={true}
                    onClick={[Function]}
                    onResponderGrant={[Function]}
                    onResponderMove={[Function]}
                    onResponderRelease={[Function]}
                    onResponderTerminate={[Function]}
                    onResponderTerminationRequest={[Function]}
                    onStartShouldSetResponder={[Function]}
                    style={
                      Object {
                        "opacity": 1,
                      }
                    }
                  >
                    <View
                      bordered={false}
                      disabled={false}
                      pill={false}
                      style={
                        Object {
                          "alignItems": "center",
                          "backgroundColor": "#008CD0",
                          "borderColor": "#008CD0",
                          "borderRadius": 8,
                          "borderWidth": 2,
                          "elevation": 2,
                          "flexDirection": "row",
                          "height": 48,
                          "justifyContent": "center",
                          "opacity": 1,
                          "overflow": "hidden",
                          "paddingHorizontal": 16,
                        }
                      }
                    >
                      <Text
                        style={
                          Object {
                            "color": "#FFFFFF",
                            "fontFamily": "Avenir-Medium",
                            "fontSize": 16,
                            "lineHeight": 24,
                          }
                        }
                      >
                        Yes, find my local campus
                      </Text>
                    </View>
                  </View>
                </View>
              </RCTSafeAreaView>
            </View>
          </RCTScrollView>
          <View
            style={
              Object {
                "alignItems": "center",
                "bottom": 0,
                "flexDirection": "row-reverse",
                "justifyContent": "space-between",
                "left": 0,
                "marginVertical": 8,
                "paddingHorizontal": 16,
                "paddingVertical": 0,
                "position": "absolute",
                "right": 0,
              }
            }
            vertical={false}
          >
            <RCTSafeAreaView
              emulateUnlessSupported={true}
              forceInset={
                Object {
                  "bottom": "always",
                  "top": "never",
                }
              }
            >
              <Text
                onPress={[Function]}
                style={
                  Object {
                    "color": "#B5C0C6",
                    "marginLeft": -16,
                    "paddingHorizontal": 16,
                    "paddingVertical": 15,
                  }
                }
                trackEventName="Ask Location Skipped"
              >
                Skip
              </Text>
            </RCTSafeAreaView>
          </View>
        </View>
        <View
          style={
            Object {
              "alignItems": "center",
              "flex": 1,
              "height": 1334,
              "justifyContent": "center",
              "width": 750,
            }
          }
        >
          <ActivityIndicator
            animating={true}
            color="#999999"
            hidesWhenStopped={true}
            size="small"
          />
        </View>
      </View>
    </RCTScrollView>
    <View
      pointerEvents="none"
      style={
        Array [
          Object {
            "alignItems": "center",
            "backgroundColor": "transparent",
            "bottom": 25,
            "flex": 1,
            "flexDirection": "row",
            "justifyContent": "center",
            "left": 0,
            "position": "absolute",
            "right": 0,
          },
          undefined,
        ]
      }
    >
      <RCTSafeAreaView
        emulateUnlessSupported={true}
        forceInset={
          Object {
            "bottom": "always",
          }
        }
      >
        <View
          style={
            Object {
              "backgroundColor": "#008CD0",
              "borderRadius": 4,
              "height": 8,
              "margin": 4,
              "width": 8,
            }
          }
        />
      </RCTSafeAreaView>
      <RCTSafeAreaView
        emulateUnlessSupported={true}
        forceInset={
          Object {
            "bottom": "always",
          }
        }
      >
        <View
          forceInset={
            Object {
              "bottom": "always",
            }
          }
          style={
            Object {
              "backgroundColor": "#B5C0C6",
              "borderRadius": 4,
              "height": 8,
              "margin": 4,
              "width": 8,
            }
          }
        />
      </RCTSafeAreaView>
      <RCTSafeAreaView
        emulateUnlessSupported={true}
        forceInset={
          Object {
            "bottom": "always",
          }
        }
      >
        <View
          forceInset={
            Object {
              "bottom": "always",
            }
          }
          style={
            Object {
              "backgroundColor": "#B5C0C6",
              "borderRadius": 4,
              "height": 8,
              "margin": 4,
              "width": 8,
            }
          }
        />
      </RCTSafeAreaView>
    </View>
  </View>,
]
`;
